        
[1;38;2;198;160;246mgh-sweep[m
        
                                
[1;38;2;198;160;246mGitHub Repository Management TUI[m
                                
[38;2;147;154;183morg acme | 2 repos[m


[1;38;2;238;212;159mNamespace Audit (scans your whole account or org, ignores --repo)[m
[1;38;2;238;212;159m> [w]atch status       [m[38;2;147;154;183m - Audit and manage repo watching[m
[38;2;202;211;245m  [o]rphan branches    [m[38;2;147;154;183m - Detect and clean up orphaned branches[m

[1;38;2;238;212;159mSingle Repo (needs --repo)[m
[38;2;202;211;245m  [b]ranch management  [m[38;2;147;154;183m - Interactive branch operations[m
[38;2;202;211;245m  pr [c]omments        [m[38;2;147;154;183m - Review unresolved comments[m
[38;2;202;211;245m  [a]nalytics          [m[38;2;147;154;183m - CI/CD and repository statistics[m
[38;2;202;211;245m  [g]ha performance    [m[38;2;147;154;183m - Workflow timing analysis[m

[1;38;2;238;212;159mCross-Repo (needs --repos or --org)[m
[38;2;202;211;245m  branch pro[t]ection  [m[38;2;147;154;183m - Compare and sync protection rules[m
[38;2;202;211;245m  [s]ettings comparison[m[38;2;147;154;183m - Cross-repo settings diff[m
[38;2;202;211;245m  web[h]ooks           [m[38;2;147;154;183m - Webhook health monitoring[m
[38;2;202;211;245m  co[l]laborators      [m[38;2;147;154;183m - Manage repository access[m
[38;2;147;154;183m↓ 5 more below[m

[38;2;147;154;183mj/k or ↑/↓: move | enter: select | /: filter | letter in [brackets]: jump | ?: help | q: quit[m